---
source: compiler-core/src/fsharp/tests/strings.rs
assertion_line: 417
expression: "\nfn id(x) {\n  x\n}\n\npub fn main() {\n  { \"\" |> id } <> { \"\" |> id }\n}\n"
---
module rec my.``mod``
let id(x: 'u8): 'u8 = begin
    x
end
let main(): string = begin
    begin
        let _pipe = ""
        id (_pipe)
    end + begin
        let _pipe = ""
        id (_pipe)
    end
end
