---
source: compiler-core/src/fsharp/tests/blocks.rs
assertion_line: 205
expression: "\nfn b() {\n  {\n    use a <- fn(cb) { cb(1) }\n    a\n  }\n  {\n    use b <- fn(cb) { cb(2) }\n    b\n  }\n  3\n}\n    "
---
module rec my.``mod``
let private b (): int = begin
    begin
        (fun(cb: int -> int) -> begin cb (1) end) (fun(a: int) -> begin a end)
    end
    begin
        (fun(cb: int -> int) -> begin cb (2) end) (fun(b: int) -> begin b end)
    end
    3
end
