---
source: compiler-core/src/fsharp/tests/bit_arrays.rs
expression: "\nfn go() {\n  <<1.1:float>>\n}\n"
---
module rec my.``mod``

let private go () = begin
    BitArray.Create(
        { endianness = None; size = None; unit = None; signed = None; value = BitArraySegmentValue.Float(1.1) }
    )
end
