---
source: compiler-core/src/fsharp/tests/strings.rs
assertion_line: 496
expression: "\nconst big_concat_list = [\"a\" <> \"b\" <> \"c\" <> \"d\" <> \"e\" <> \"f\" <> \"g\" <> \"h\" <> \"i\" <> \"j\" <> \"k\" <> \"l\" <> \"m\" <> \"n\" <> \"o\" <> \"p\" <> \"q\" <> \"r\" <> \"s\" <> \"t\" <> \"u\" <> \"v\" <> \"w\" <> \"x\" <> \"y\" <> \"z\"]\n\npub fn main() {\n  big_concat_list\n}\n"
---
module rec my.``mod``
let private big_concat_list = ["a" + "b" + "c" + "d" + "e" + "f" + "g" + "h" + "i" + "j" + "k" + "l" + "m" + "n" + "o" + "p" + "q" + "r" + "s" + "t" + "u" + "v" + "w" + "x" + "y" + "z"]
let main (): list<string> = begin
    big_concat_list
end
