---
source: compiler-core/src/fsharp/tests/case_clause_guards.rs
expression: "\n          import hero\n          pub fn go() {\n            let name = \"Tony Stark\"\n            case name {\n              n if n == hero.hero.1 -> True\n              _ -> False\n            }\n          }\n        "
---
module rec my.``mod``
open package
let go () = begin
    let name = "Tony Stark"
    match name with
    | n when n = hero.hero.Item2 ->
        true
    | _ ->
        false
end
