---
source: compiler-core/src/fsharp/tests/records.rs
expression: "\ntype Triple {\n  Triple(a: Int, b: Int, c: Int)\n}\n\nfn foo() {\n  let triple = Triple(1,2,3)\n  let Triple(the_a, c: the_c, ..) = triple\n  the_c\n}\n"
---
module rec my.``mod``

type private Triple = { a: int64; b: int64; c: int64 }
let private foo () = begin
    let triple = { a = 1L; b = 2L; c = 3L }
    let { a = the_a; c = the_c } = triple
    the_c
end
