---
source: compiler-core/src/fsharp/tests/strings.rs
expression: "\npub fn go(x) {\n  let _ = case x {\n    \"\\f\" <> rest -> \"test\"\n    \"\\n\" <> rest -> \"test\"\n    \"\\r\" <> rest -> \"test\"\n    \"\\t\" <> rest -> \"test\"\n    \"\\\"\" <> rest -> \"test\"\n    \"\\\\\" <> rest -> \"test\"\n    \"\\f \\n \\r \\t \\\" \\\\\" <> rest -> \"control chars with prefix assignment\"\n    \"\\u{9}\" <> rest -> \"test\"\n    \"\\u{000009}\" <> rest -> \"test\"\n    \"\\u{21}\" <> rest -> \"test\"\n    \"\\u{100}\" <> rest -> \"test\"\n    \"\\u{1000}\" <> rest -> \"test\"\n    \"\\u{1F600}\" <> rest -> \"test\"\n    \"\\u{1f600}\" <> rest -> \"test\"\n    \"\\u{01F600}\" <> rest -> \"test\"\n    \"\\u{01f600}\" <> rest -> \"test\"\n    \"\\u{9} \\u{000009} \\u{21} \\u{100} \\u{1000} \\u{1F600} \\u{01F600}\" <> rest -> \"test\"\n    _ -> \"Unknown\"\n  }\n}\n"
---
module rec my.``mod``
#nowarn "25" // Incomplete pattern matches on this expression.

let go (x: string) = begin
    let _ =
        match x with
        | Gleam_codegen_string_parts "\f" (_, rest) ->
            "test"
        | Gleam_codegen_string_parts "\n" (_, rest) ->
            "test"
        | Gleam_codegen_string_parts "\r" (_, rest) ->
            "test"
        | Gleam_codegen_string_parts "\t" (_, rest) ->
            "test"
        | Gleam_codegen_string_parts "\"" (_, rest) ->
            "test"
        | Gleam_codegen_string_parts "\\" (_, rest) ->
            "test"
        | Gleam_codegen_string_parts "\f \n \r \t \" \\" (_, rest) ->
            "control chars with prefix assignment"
        | Gleam_codegen_string_parts "\u9" (_, rest) ->
            "test"
        | Gleam_codegen_string_parts "\u000009" (_, rest) ->
            "test"
        | Gleam_codegen_string_parts "\u21" (_, rest) ->
            "test"
        | Gleam_codegen_string_parts "\u100" (_, rest) ->
            "test"
        | Gleam_codegen_string_parts "\u1000" (_, rest) ->
            "test"
        | Gleam_codegen_string_parts "\u1F600" (_, rest) ->
            "test"
        | Gleam_codegen_string_parts "\u1f600" (_, rest) ->
            "test"
        | Gleam_codegen_string_parts "\u01F600" (_, rest) ->
            "test"
        | Gleam_codegen_string_parts "\u01f600" (_, rest) ->
            "test"
        | Gleam_codegen_string_parts "\u9 \u000009 \u21 \u100 \u1000 \u1F600 \u01F600" (_, rest) ->
            "test"
        | _ ->
            "Unknown"
    _
end
