---
source: compiler-core/src/fsharp/tests/bit_arrays.rs
expression: "\nfn go(x) {\n  <<256, 4, x, \"Gleam\":utf8>>\n}\n"
---
module rec my.``mod``

let private go (x: int64) = begin
    BitArray.Create(
        { endianness = None; size = None; unit = None; signed = None; value = BitArraySegmentValue.Int(256L) }, 
        { endianness = None; size = None; unit = None; signed = None; value = BitArraySegmentValue.Int(4L) }, 
        { endianness = None; size = None; unit = None; signed = None; value = BitArraySegmentValue.Int(x) }, 
        { endianness = None; size = None; unit = None; signed = None; value = BitArraySegmentValue.Utf8(System.Text.Encoding.UTF8.GetBytes("Gleam")) }
    )
end
