---
source: compiler-core/src/fsharp/tests/tuples.rs
expression: "\nfn go() {\n  #(1, 2).0\n}\n"
---
module rec my.``mod``
#nowarn "3220" // This method or property is not normally used from F# code, use an explicit tuple pattern for deconstruction instead.

let private go () = begin
    (1L, 2L).Item1
end
