---
source: compiler-core/src/fsharp/tests/blocks.rs
expression: "\nfn b() {\n  {\n    use a <- fn(cb) { cb(1) }\n    a\n  }\n  {\n    use b <- fn(cb) { cb(2) }\n    b\n  }\n  3\n}\n    "
---
module rec my.``mod``

let private b () = begin
    begin
        (fun(cb: int64 -> int64) -> cb 1L)
            (fun(a: int64) -> a)
    end
    begin
        (fun(cb: int64 -> int64) -> cb 2L)
            (fun(b: int64) -> b)
    end
    3L
end
