---
source: compiler-core/src/fsharp/tests/records.rs
assertion_line: 225
expression: "\npub type Person { Person(name: String, age: Int) }\n\nfn main() {\n    let new_p = Person(..return_person(), age: 28)\n    new_p\n}\n\nfn return_person() {\n    Person(\"Quinn\", 27)\n}\n"
---
module rec my.``mod``
type Person = { name: string; age: int }
let private return_person (): Person = begin
    { name = "Quinn"; age = 27 }
end
let private main (): Person = begin
    let new_p = { return_person() with age = 28 }
    new_p
end
