---
source: compiler-core/src/fsharp/tests/consts.rs
expression: "\n              fn identity(a) {\n                a\n              }\n\n              pub type Mapper(b) {\n                Mapper(fn(b) -> b)\n              }\n\n              pub const id_mapper = Mapper(identity)\n        "
---
module rec my.``mod``

type Mapper<'b> =
| Mapper of ('b -> 'b)
    
let private identity<'a> (a: 'a) = begin
    a
end
let id_mapper = Mapper(identity)
