---
source: compiler-core/src/fsharp/tests/pipes.rs
assertion_line: 17
expression: "\npub fn add(x, y) { x + y }\n\npub fn main() {\n  1 |> add(2) |> add(3)\n}"
---
module rec my.``mod``
let add (x: int) (y: int): int = begin
    x + y
end
let main (): int = begin
    let _pipe = 1
    let _pipe = add (_pipe) (2)
    add (_pipe) (3)
end
