---
source: compiler-core/src/fsharp/tests/strings.rs
expression: "\npub fn go(x) {\n  let _ = case x {\n    \"\\\\u{9}\" <> rest -> \"test\"\n    \"\\\\u{000009}\" <> rest -> \"test\"\n    \"\\\\u{21}\" <> rest -> \"test\"\n    \"\\\\u{100}\" <> rest -> \"test\"\n    \"\\\\u{1000}\" <> rest -> \"test\"\n    \"\\\\u{1F600}\" <> rest -> \"test\"\n    \"\\\\u{1f600}\" <> rest -> \"test\"\n    \"\\\\u{01F600}\" <> rest -> \"test\"\n    \"\\\\u{01f600}\" <> rest -> \"test\"\n    \"\\\\u{9} \\\\u{000009} \\\\u{21} \\\\u{100} \\\\u{1000} \\\\u{1F600} \\\\u{01F600}\" <> rest -> \"test\"\n    _ -> \"Unknown\"\n  }\n}\n"
---
module rec my.``mod``

let go (x: string) = begin
    let _ = 
        match x with
        | Gleam__codegen__prefix "\\u{9}" rest ->
            "test"
        | Gleam__codegen__prefix "\\u{000009}" rest ->
            "test"
        | Gleam__codegen__prefix "\\u{21}" rest ->
            "test"
        | Gleam__codegen__prefix "\\u{100}" rest ->
            "test"
        | Gleam__codegen__prefix "\\u{1000}" rest ->
            "test"
        | Gleam__codegen__prefix "\\u{1F600}" rest ->
            "test"
        | Gleam__codegen__prefix "\\u{1f600}" rest ->
            "test"
        | Gleam__codegen__prefix "\\u{01F600}" rest ->
            "test"
        | Gleam__codegen__prefix "\\u{01f600}" rest ->
            "test"
        | Gleam__codegen__prefix "\\u{9} \\u{000009} \\u{21} \\u{100} \\u{1000} \\u{1F600} \\u{01F600}" rest ->
            "test"
        | _ ->
            "Unknown"
    _
end
