---
source: compiler-core/src/fsharp/tests/types.rs
expression: "\nimport gleam/iterator.{Next}\ntype Cat {\n  Cat(id: Int)\n}\nfn go(cat: Cat) {\n    Next(cat, Cat(id: cat.id + 1))\n    iterator.Next(cat, Cat(id: cat.id + 1))\n}\n"
---
module rec my.``mod``
let Next = gleam.iterator.Next
type private Cat = { id: int64 }
let private go (cat: Cat) = begin
    Next(cat, ({ id = cat.id + 1L }))
    gleam.iterator.Next(cat, ({ id = cat.id + 1L }))
end
