---
source: compiler-core/src/fsharp/tests/consts.rs
expression: "\nfn identity(a: a) -> a {\na\n}\n\nconst id  = identity\n\npub fn foo(){\n  let num  = id(1)\n  let word = id(\"Word\")\n}"
---
module rec my.``mod``

let private identity (a: 't8) = begin
    a
end
let private id = identity
let foo () = begin
    let num = id 1L
    let word = id "Word"
    word
end
