---
source: compiler-core/src/fsharp/tests/type_alias.rs
expression: "\npub type Decoder(t) =\n  fn(Dynamic) -> Result(t, DecodeErrors)\n\ntype Dynamic = String\ntype DecodeErrors = String\ntype Result(a,b){\n    Ok(a)\n    Err(b)\n}\n"
---
module rec my.``mod``

type private Result<'a, 'b> =
| Err of 'b
| Ok of 'a
    
type Decoder<'t> = Dynamic -> Result<'t, DecodeErrors>
type private Dynamic = string
type private DecodeErrors = string
