---
source: compiler-core/src/fsharp/tests/patterns.rs
expression: "pub fn a(x) {\n  case x, x {\n    _, \"a\" as a <> _  -> a\n    _, _ -> \"a\"\n  }\n}"
---
module rec my.``mod``
let a (x: string) = begin
    match (x, x) with
    | (_, Gleam_codegen_string_parts "a" (a, _)) ->
        a
    | (_, _) ->
        "a"
end
