---
source: compiler-core/src/fsharp/tests/case_clause_guards.rs
expression: "pub fn go(xs, y) {\n  case xs {\n    #(x) if xs != y -> x\n    _ -> 0\n  }\n}\n"
---
module rec my.``mod``
let go (xs: (int)) (y: (int)) = begin
    match xs with
    | (x) when xs <> y ->
        x
    | _ ->
        0
end
