---
source: compiler-core/src/fsharp/tests/use_.rs
expression: "\npub fn go() {\n  use Box(x) <- apply(Box(1))\n  x\n}\n\ntype Box(a) {\n  Box(a)\n}\n\nfn apply(arg, fun) {\n  fun(arg)\n}\n"
---
module rec my.``mod``
#nowarn "25" // Incomplete pattern matches on this expression.

type private Box<'a> =
| Box of 'a
    
let private apply (arg: 'b) (``fun``: 'b -> 'c) = begin
    ``fun`` arg
end
let go () = begin
    apply
        (Box(1L))
        (fun(_use0: Box<int64>) -> begin
            let (Box(x)) = _use0
            x
        end)
end
