---
source: compiler-core/src/fsharp/tests/case.rs
expression: "\npub fn myfun(mt) {\n  case mt {\n    1 | _ ->\n      1\n      |> Ok\n  }\n  1\n  |> Ok\n}\n"
---
module rec my.``mod``

let myfun<'a> (mt: int64) = begin
    match mt with
    | 1L | _ ->
        begin
            let _pipe = 1L
            (Ok(_pipe))
        end
    begin
        let _pipe = 1L
        (Ok(_pipe))
    end
end
