---
source: compiler-core/src/fsharp/tests/strings.rs
expression: "\npub fn go(x) {\n  case x {\n    \"Hello, \" as x <> name -> x\n    _ -> \"Unknown\"\n  }\n}\n"
---
module rec my.``mod``
#nowarn "25" // Incomplete pattern matches on this expression.

let go (x: string) = begin
    match x with
    | Gleam_codegen_string_parts "Hello, " (x, name) ->
        x
    | _ ->
        "Unknown"
end
