---
source: compiler-core/src/fsharp/tests/consts.rs
expression: "\n          fn identity(a) {\n            a\n          }\n\n          pub type Mapper(b) {\n            Mapper(fn(b) -> b)\n          }\n\n          pub type Funcs(b) {\n            Funcs(mapper: Mapper(b))\n          }\n\n          pub const id_mapper = Funcs(Mapper(identity))\n        "
---
module rec my.``mod``

type Mapper<'b> =
| Mapper of ('b -> 'b)
    
type Funcs<'b> = { mapper: Mapper<'b> }
let private identity (a: 'a) = begin
    a
end
let id_mapper = { mapper = Mapper(identity) }
