---
source: compiler-core/src/fsharp/tests/records.rs
assertion_line: 90
expression: "\npub type Person {\n    Teacher(name: Nil, age: Int)\n    Student(name: String, age: Int)\n}\npub fn get_age(person: Person) { person.age }"
---
module rec my.``mod``
type Person =
| Teacher of name: unit * age: int
| Student of name: string * age: int
    member this.age = 
        match this with
        | Person.Teacher (_, age) -> age
        | Person.Student (_, age) -> age

let get_age (person: Person): int = begin
    person.age
end
