---
source: compiler-core/src/fsharp/tests/pipes.rs
assertion_line: 146
expression: "\npub fn main() {\n  123\n  |> two(\n    1 |> two(2),\n    _,\n  )\n}\n\npub fn two(a, b) {\n  a\n}\n"
---
module rec my.``mod``
let two (a: 'u9) (b: 'u10): 'u9 = begin
    a
end
let main (): int = begin
    begin
        let _pipe = 123
        ((fun(_capture: int) -> begin two (begin
                let _pipe = 1
                (two (_pipe) (2))
            end) (_capture) end) (_pipe))
    end
end
