---
source: compiler-core/src/fsharp/tests/functions.rs
expression: "\nfn go() {\n  use a <- something\n  use b <- something\n  a + 1 + b\n}\nfn something(cba) { cba(1) }\n"
---
module rec my.``mod``
let private something (cba: int -> 'u12) = begin
    cba (1)
end
let private go () = begin
    something (fun(a: int) -> begin 
        something (fun(b: int) -> begin 
            a + 1 + b
        end)
    end)
end
