---
source: compiler-core/src/fsharp/tests/todo.rs
assertion_line: 27
expression: "\npub fn retstring() {\n  \"wibble\"\n}\npub fn main() {\n  todo as { retstring() <> \"wobble\" }\n}\n"
---
module rec my.``mod``
let retstring(): string = begin
    "wibble"
end
let main(): 't10 = begin
    failwith (retstring() + "wobble")
end
