---
source: compiler-core/src/fsharp/tests/strings.rs
expression: "\npub fn go(x) {\n  case x {\n    \"Hello, \" <> x -> x\n    _ -> \"Unknown\"\n  }\n}\n"
---
module rec my.``mod``
let go (x: string) = begin
    match x with
    | Gleam__codegen__prefix "Hello, " x ->
        x
    | _ ->
        "Unknown"
end
