---
source: compiler-core/src/fsharp/tests/records.rs
assertion_line: 34
expression: "\npub type Person { Person(name: String, age: Int) }\npub fn get_age(person: Person) { person.age }\npub fn get_name(person: Person) { person.name }\n"
---
module rec my.``mod``
type Person = { name: string; age: int }
let get_age (person: Person): int = begin
    person.age
end
let get_name (person: Person): string = begin
    person.name
end
