---
source: compiler-core/src/fsharp/tests/panic.rs
expression: "\n     pub fn foo() {\n      \"lets\"\n      |> panic as \"pipe\"\n      |> panic as \"other panic\"\n    }\n    "
---
module rec my.``mod``
let foo (): 'u12 = begin
    begin
        let _pipe = "lets"
        let _pipe = failwith ("pipe") (_pipe)
        (failwith ("other panic") (_pipe))
    end
end
