---
source: compiler-core/src/fsharp/tests/patterns.rs
expression: "\npub fn go() {\n  let assert Error(b) = Error(1)\n}\nfn int_bind(x) {\n    let assert 1 = x\n}\npub type Result(a, b) {\n  Ok(a)\n  Error(b)\n}\n"
---
module rec my.``mod``

type Result<'a, 'b> =
| Error of 'b
| Ok of 'a
    
let go () = begin
    let (Error(b)) = Error(1L)
    (Error(b))
end
let private int_bind (x: int64) = begin
    let 1L = x
    1L
end
