---
source: compiler-core/src/fsharp/tests/panic.rs
expression: "\npub fn retstring() {\n  \"wibble\"\n}\npub fn foo() {\n  panic as { retstring() <> \"wobble\" }\n}\n"
---
module rec my.``mod``

let retstring () = begin
    "wibble"
end
let foo () = begin
    failwith (begin
        retstring() + "wobble"
    end)
end
