---
source: compiler-core/src/fsharp/tests/records.rs
assertion_line: 140
expression: "\ntype Triple {\n  Triple(a: Int, b: Int, c: Int)\n}\n\nfn main() {\n  let triple = Triple(1,2,3)\n  let Triple(the_a, c: the_c, ..) = triple\n  the_c\n}\n"
---
module rec my.``mod``
type private Triple = { a: int; b: int; c: int }
let private main (): int = begin
    let triple = { a = 1; b = 2; c = 3 }
    let { a = the_a; c = the_c } = triple
    the_c
end
