---
source: compiler-core/src/fsharp/tests/recursion.rs
assertion_line: 19
expression: "\npub fn main(x) {\n  case x {\n    0 -> Nil\n    _ -> {\n      let y = x\n      main(y - 1)\n    }\n  }\n}\n"
---
module rec my.``mod``
let main (x: int): unit = begin
    match x with
    | 0 ->
        ()
    | _ ->
        let y = x
        main (y - 1)
end
