---
source: compiler-core/src/fsharp/tests/custom_types.rs
expression: "\ntype Cat {\n  Cat(name: String, Int)\n}\n\nfn go(cat) {\n  let Cat(x, y) = cat\n  let Cat(name: x, ..) = cat\n  let Cat(y, name: x) = cat\n  x\n}\n\n"
---
module rec my.``mod``
type private Cat =
| Cat of name: string * int
    member this.name = 
        match this with
        | Cat.Cat (name, _) -> name
let private go (cat: Cat) = begin
    let (Cat(x, y)) = cat
    let (Cat(x, _)) = cat
    let (Cat(x, y)) = cat
    x
end
