---
source: compiler-core/src/fsharp/tests/blocks.rs
expression: "\nfn go() {\n  let x = {\n    1\n    {\n      2\n      3\n    }\n    4\n  }\n  x\n}\n"
---
module rec my.``mod``
#nowarn "25" // Incomplete pattern matches on this expression.

let private go () = begin
    let x = begin
        1L
        begin
            2L
            3L
        end
        4L
    end
    x
end
