---
source: compiler-core/src/fsharp/tests/pipes.rs
expression: "\npub fn foo() {\n  123\n  |> two(\n    1 |> two(2),\n    _,\n  )\n}\n\npub fn two(a, b) {\n  a\n}\n"
---
module rec my.``mod``

let two<'b, 'a> (a: 'a) (b: 'b) = begin
    a
end
let foo () = begin
    begin
        let _pipe = 123L
        ((fun(_capture: int64) -> begin
            two
                (begin
                    let _pipe = 1L
                    (two _pipe 2L)
                end)
                _capture
        end) _pipe)
    end
end
