---
source: compiler-core/src/fsharp/tests/tuples.rs
expression: "\nconst e = #(\n  \"loooooooooooooong\", \"loooooooooooong\", \"loooooooooooooong\",\n  \"loooooooooooooong\", \"loooooooooooong\", \"loooooooooooooong\",\n)\n"
---
module rec my.``mod``

let private e = ("loooooooooooooong", "loooooooooooong", "loooooooooooooong", "loooooooooooooong", "loooooooooooong", "loooooooooooooong")
