---
source: compiler-core/src/fsharp/tests/custom_types.rs
expression: "\ntype Ip{\n    Ip(String)\n}\n\nconst local = Ip(\"0.0.0.0\")\n\nfn build(x) {\n    x(\"1.2.3.4\")\n}\n\nfn go() {\n    build(Ip)\n    Ip(\"5.6.7.8\")\n}\n\nfn destructure(x) {\n  let Ip(raw) = x\n  raw\n}\n"
---
module rec my.``mod``

type private Ip =
| Ip of string
    
let private build<'a> (x: string -> 'a) = begin
    x "1.2.3.4"
end
let private go () = begin
    build Ip
    Ip("5.6.7.8")
end
let private destructure (x: Ip) = begin
    let (Ip(raw)) = x
    raw
end
let private local = Ip("0.0.0.0")
