---
source: compiler-core/src/fsharp/tests/strings.rs
assertion_line: 400
expression: "\nconst a = \"Hello, \"\nconst b = \"Joe!\"\n\npub fn go() {\n  a <> b\n}\n"
---
module rec my.``mod``
[<Literal>]
let private a = "Hello, "
[<Literal>]
let private b = "Joe!"
let go (): string = begin
    a + b
end
