---
source: compiler-core/src/fsharp/tests/blocks.rs
expression: "\nfn foo(f, a, b) {\n  {\n    a\n    |> f\n  } <> {\n    b\n    |> f\n  }\n}\n"
---
module rec my.``mod``

let private foo<'a> (f: 'a -> string) (a: 'a) (b: 'a) = begin
    begin
        begin
            let _pipe = a
            (f _pipe)
        end
    end + begin
        begin
            let _pipe = b
            (f _pipe)
        end
    end
end
