---
source: compiler-core/src/fsharp/tests/use_.rs
expression: "\npub fn go() {\n  let thingy = fn(f) { f() }\n  use <- thingy()\n}\n"
---
module rec my.``mod``
#nowarn "25" // Incomplete pattern matches on this expression.

let go () = begin
    let thingy =
        fun(f: unit -> 'a) -> f()
    thingy
        (fun() -> failwith "Not implemented")
end
