---
source: compiler-core/src/fsharp/tests/todo.rs
expression: "\n     pub fn foo() {\n      \"lets\"\n      |> todo as \"pipe\"\n      |> todo as \"other todo\"\n    }\n    "
---
module rec my.``mod``
let foo () = begin
    begin
        let _pipe = "lets"
        let _pipe = failwith ("pipe") (_pipe)
        (failwith ("other todo") (_pipe))
    end
end
